src/app/api/permissions/route.test.ts(35,86): error TS2353: Object literal may only specify known properties, and 'description' does not exist in type '{ id: string; name: string; }'.
src/app/api/po/export/route.test.ts(22,32): error TS2554: Expected 0 arguments, but got 1.
src/app/api/po/export/route.test.ts(33,32): error TS2554: Expected 0 arguments, but got 1.
src/app/api/po/export/route.test.ts(45,5): error TS2304: Cannot find name 'constmockPOs'.
src/app/api/po/export/route.test.ts(56,64): error TS2304: Cannot find name 'constmockPOs'.
src/app/api/po/export/route.test.ts(59,32): error TS2554: Expected 0 arguments, but got 1.
src/app/api/pr/[id]/route.test.ts(38,5): error TS2322: Type 'string[]' is not assignable to type 'Permission[]'.
  Type 'string' is not assignable to type 'Permission'.
src/app/api/pr/[id]/route.test.ts(39,30): error TS2322: Type '"User"' is not assignable to type 'Role'.
src/app/api/pr/export/route.test.ts(22,32): error TS2554: Expected 0 arguments, but got 1.
src/app/api/pr/export/route.test.ts(33,32): error TS2554: Expected 0 arguments, but got 1.
src/app/api/pr/export/route.test.ts(58,32): error TS2554: Expected 0 arguments, but got 1.
src/app/api/users/route.test.ts(23,100): error TS2322: Type '"Admin"' is not assignable to type 'Role'.
src/app/api/vendors/export/route.test.ts(22,32): error TS2554: Expected 0 arguments, but got 1.
src/app/api/vendors/export/route.test.ts(33,32): error TS2554: Expected 0 arguments, but got 1.
src/app/api/vendors/export/route.test.ts(57,32): error TS2554: Expected 0 arguments, but got 1.
